[aurashop.framer.website/index.html]
[backblue.gif]
[fade.gif]
[index.html]
[framerusercontent.com/images/VHqV1mMyP9m1X3w3jJKuhegPsSs.png]
[framerusercontent.com/images/mz1GrrTLLtUEWj8ejYGDVHDUw8.jpg]
[framerusercontent.com/images/vNShRNN1nILMLQ33Nvg7xRppML0.png]
[framerusercontent.com/images/Xm41plWll9uX9U8FI66MvvFFHzgb4bb.png]
[framerusercontent.com/images/6V5Ya6DiTUPrbKLquU43nXdLtrkccb2.png]
[framerusercontent.com/images/xLauhR5pIcD3jSEfJsZjrCzc82ecf.png]
[framerusercontent.com/images/denWHUSajJRWeN8fw6ziZ98EX060b7.png]
[framerusercontent.com/images/jxfdnRKBIg3NgooyzFvJ8h4Q8Owc363.png]
[framerusercontent.com/images/df5MKiO9s4Enl3fzukyit809805.png]
[framerusercontent.com/images/dOwh3KUyFEZINS7C79VAPWph28M2ba1.png]
[framerusercontent.com/images/w2y9F3Ob15aIghBkLtfHEAHKoqIbfcd.png]
[framerusercontent.com/images/FjKNVoEAMRLGsukZcCIG1m0OjuU648a.png]
[framerusercontent.com/images/HNAuZFLWI8pxao4CT3RBKZIn0648a.png]
[aurashop.framer.website/sort-by/T-Shirts.html]
[framerusercontent.com/images/4SVyyM18vIAscFF45MNgtpT2bUs648a.png]
[aurashop.framer.website/sort-by/Shirts.html]
[framerusercontent.com/images/zGHc2xM8TXfaP0KillocWH6E648a.png]
[aurashop.framer.website/sort-by/Sneakers.html]
[framerusercontent.com/images/E60m9ySte60CtImTqU7npkewX0648a.png]
[aurashop.framer.website/sort-by/Promotions.html]
[framerusercontent.com/images/H2lD1wbQgNQJOFWzv6bKAY6ng90ee.png]
[framerusercontent.com/images/hKi14x2EJdOqlY7tV0rWl5pho90ee.png]
[framerusercontent.com/images/7pPtmQnOe0HtA5CzJM3vyqOgv890ee.png]
[aurashop.framer.website/t-shirt-white-kids.html]
[framerusercontent.com/images/tm2naYCJCl1CpS0YJJXGqbkflU90ee.png]
[framerusercontent.com/images/JFVPvnkBFfpqh3p50qaSe4Or3YA90ee.png]
[aurashop.framer.website/shirt-blue-women.html]
[framerusercontent.com/images/N8n9AACRdqrIMFeKgglwGq3FdQ90ee.png]
[aurashop.framer.website/comfort-curves.html]
[framerusercontent.com/images/HcYRufuH0L1i8HETbqKloOU2Qo90ee.png]
[aurashop.framer.website/white-jeans.html]
[framerusercontent.com/images/mxOD2EdPpQTvsdb7pn12OcLFBk90ee.png]
[aurashop.framer.website/shirt-white-women.html]
[framerusercontent.com/images/oMv0h3P8whNPGwtUG1VytyL25Nw90ee.png]
[aurashop.framer.website/t-shirt-black-women.html]
[framerusercontent.com/images/B73PH8avLmaIeu8V9iY1xeoPTNo90ee.png]
[aurashop.framer.website/shirt-green-women.html]
[framerusercontent.com/images/6isPgVJrEoLEhJsfo0Ij8ldZaZg90ee.png]
[framerusercontent.com/images/JgKZzDalFFmq4lsQOcpaFTLXBs90ee.png]
[aurashop.framer.website/black-jeans.html]
[framerusercontent.com/images/z55wVpasPB5T1MXnVmkY91CKA90ee.png]
[aurashop.framer.website/sneakers-black.html]
[framerusercontent.com/images/BhQQrZ1sE8Vmk7gijZBfNQ6JzKo90ee.png]
[aurashop.framer.website/t-shirt-black-kids.html]
[framerusercontent.com/images/nxcW6ieYyqUGcBSMpcGqIzYg9Ks20cf.png]
[framerusercontent.com/images/mikToIV1SoCqQhyveqwESJZJOg90ee.png]
[aurashop.framer.website/high-rise-hustle.html]
[aurashop.framer.website/shirt-black.html]
[framerusercontent.com/images/BXSaHvzSYEqCOjcJMqmHwtW090ee.png]
[framerusercontent.com/images/q0bvSJ9ax4gsNAlPlRgAa3V8js90ee.png]
[aurashop.framer.website/shirt-white.html]
[framerusercontent.com/images/r7ZkwPqq1P5lz7Ebw2lJbQiwLw90ee.png]
[framerusercontent.com/images/d20Z0EMhlfZPRfWYcdIKfVAUpU07e8.png]
[aurashop.framer.website/sneakers-blue.html]
[aurashop.framer.website/contact.html]
[aurashop.framer.website/sort-by/Advisable.html]
[aurashop.framer.website/vintage-vibes.html]
[aurashop.framer.website/blog.html]
[aurashop.framer.website/faq.html]
[aurashop.framer.website/terms-and-conditions.html]
[aurashop.framer.website/404.44.delayed]
[aurashop.framer.website/privacy-policy.html]
[framerusercontent.com/images/Nw90SIdLQKIdHiNqfLWxw5MZGs.png]
[framerusercontent.com/images/QUXCWKuepJu9WOicM1GGa9eFw.png]
[framerusercontent.com/images/mFN7qRFb6aBfqn8RZtBNQ5G678.png]
[framerusercontent.com/images/wF1FvkGQKavYUtCR8N43p7LHvpk.png]
[framerusercontent.com/images/mP89rOLcHZd2NwwX4EJUih9HnfE.png]
[aurashop.framer.website/index.html]
[framerusercontent.com/images/6V5Ya6DiTUPrbKLquU43nXdLtrkccb2.png]
[framerusercontent.com/images/Xm41plWll9uX9U8FI66MvvFFHzgb4bb.png]
[framerusercontent.com/images/sSBESgjiJWd6cwKIAmP9jb0mAY60b7.png]
[framerusercontent.com/images/OJDNbGuzVk6A8Iq5bPpN5YtOa81e73.png]
[framerusercontent.com/images/jxfdnRKBIg3NgooyzFvJ8h4Q8Owc363.png]
[framerusercontent.com/images/dOwh3KUyFEZINS7C79VAPWph28M2ba1.png]
[framerusercontent.com/images/FjKNVoEAMRLGsukZcCIG1m0OjuU648a.png]
[aurashop.framer.website/sort-by/Jeans.html]
[aurashop.framer.website/sort-by/T-Shirts.html]
[framerusercontent.com/images/HNAuZFLWI8pxao4CT3RBKZIn0648a.png]
[framerusercontent.com/images/6Jj8fHx28ehybwQF4MFAbF6KsCI90ee.png]
[aurashop.framer.website/sort-by/Shirts.html]
[framerusercontent.com/images/4SVyyM18vIAscFF45MNgtpT2bUs648a.png]
[aurashop.framer.website/sort-by/Sneakers.html]
[aurashop.framer.website/sort-by/Promotions.html]
[framerusercontent.com/images/E60m9ySte60CtImTqU7npkewX0648a.png]
[aurashop.framer.website/shirt-green.html]
[aurashop.framer.website/blue-jeans.html]
[aurashop.framer.website/t-shirt-green-kids.html]
[framerusercontent.com/images/7pPtmQnOe0HtA5CzJM3vyqOgv890ee.png]
[aurashop.framer.website/t-shirt-green-women-copy.html]
[framerusercontent.com/images/F1hdppGrIV3ozkkqe8ESsLLApo90ee.png]
[framerusercontent.com/images/GcUCTjUJnKimPzvZoTPbm8GrSKI90ee.png]
[framerusercontent.com/images/xyUWsacTwHzcRALwV1nk1PKBkA90ee.png]
[framerusercontent.com/images/WzqmzJAfFZzlpV5uFWpe9l562WU90ee.png]
[framerusercontent.com/images/MRxALB2mYZ3p9nyWZvCMdX4Y490ee.png]
[framerusercontent.com/images/JXgmmeK2CjpxJeKU14jqhLwIukk90ee.png]
[framerusercontent.com/images/duCOCaLzNuvQ2a5zEV6pQDZUg90ee.png]
[framerusercontent.com/images/2QB8QP3wL76LhYBVumNvZdYN890ee.png]
[framerusercontent.com/images/G5R3gZIAIqVfIc2OWsPRSYhxrQY90ee.png]
[framerusercontent.com/images/eemdLsH17uSGhpVStMlyJTOjL3890ee.png]
[framerusercontent.com/images/JnQn28ea4PzSgZQyQacXwvrVYFU90ee.png]
[framerusercontent.com/images/z0yOJ5M7fjOOn7izz5SxKjnUm890ee.png]
[aurashop.framer.website/t-shirt-white-kids.html]
[framerusercontent.com/images/5U6T1gUQSqCwwG2b2ZiOVibps90ee.png]
[framerusercontent.com/images/ORrbmyFPBcCps8rSXaH1TkMaU890ee.png]
[aurashop.framer.website/shirt-blue-women.html]
[aurashop.framer.website/sneakers-white.html]
[framerusercontent.com/images/qgpPQgQnDjjgubXeXfp6ydYKNXc90ee.png]
[framerusercontent.com/images/Rdbv7ucYuoNjjQ1xSjK693hljI90ee.png]
[aurashop.framer.website/comfort-curves.html]
[framerusercontent.com/images/WDzhQwm91ig6N5bNMu68T4xkgs90ee.png]
[framerusercontent.com/images/nEM3xDBWPmF67AiwY7rUtJdl0490ee.png]
[aurashop.framer.website/white-jeans.html]
[framerusercontent.com/images/ha98kKjj6QJ8V1zSyhzHGLWY90ee.png]
[framerusercontent.com/images/vRzcTWC8BDN8aQUZJs3T1JLccw90ee.png]
[aurashop.framer.website/shirt-white-women.html]
[framerusercontent.com/images/PFFj2Od0v0leAJUp9FA9kIWerQ90ee.png]
[framerusercontent.com/images/rUCQdyP9oIYAkSOjhVwxpp1A8A90ee.png]
[aurashop.framer.website/t-shirt-black-women.html]
[framerusercontent.com/images/YKS7ud9t2EGNcOgAOmDq3wxBTig90ee.png]
[framerusercontent.com/images/XywzsvlcQC6nBmJxjXtgnGBWWms90ee.png]
[aurashop.framer.website/shirt-green-women.html]
[framerusercontent.com/images/59BgYNUYwvVNCh52PIqtwm257VY90ee.png]
[framerusercontent.com/images/OK0c1u4qGCiJglwB5gDJfjKTO490ee.png]
[aurashop.framer.website/black-jeans.html]
[framerusercontent.com/images/7LfGL6IkPTq1ccnRzPWaW5NEk90ee.png]
[framerusercontent.com/images/zHgrllAK1k9gGvhG0C6iahVD5Fs90ee.png]
[aurashop.framer.website/sneakers-black.html]
[framerusercontent.com/images/9Q3CUBKE76SDis8n2j8HkTRMWoQ90ee.png]
[framerusercontent.com/images/OxCcialgBLgQwPwxCJ1OSnj14890ee.png]
[aurashop.framer.website/t-shirt-black-kids.html]
[framerusercontent.com/images/75ERHiY2bWMjiBVGQ3f7VO6SVk90ee.png]
[framerusercontent.com/images/SqLzLMz1sozZl2PVvrK2ntuk7lU90ee.png]
[aurashop.framer.website/shirt-black.html]
[framerusercontent.com/images/k6M8SoFMlrrUjvIarFvVxV2NJg90ee.png]
[framerusercontent.com/images/Lwh5t4NbMVKlB9HuJd0RXmS3pg90ee.png]
[aurashop.framer.website/high-rise-hustle.html]
[framerusercontent.com/images/lH2yFMNdSrF182tHm9LuTFnn5EE90ee.png]
[framerusercontent.com/images/6QisYXt65JKCUdfe3H35PF7Y20cf.png]
[aurashop.framer.website/shirt-white.html]
[framerusercontent.com/images/rlSYjvhTDNtev4xmLrtAaLKzY90ee.png]
[framerusercontent.com/images/TGf5W2gmJMwEuqOWpF1KiEFnpXQ90ee.png]
[aurashop.framer.website/sneakers-blue.html]
[framerusercontent.com/images/kS65Vn6umdOEOk0w3HUhxgEDVv490ee.png]
[framerusercontent.com/images/7z5WS3QsWgXOuvUBLTa1i7ZsBE90ee.png]
[aurashop.framer.website/vintage-vibes.html]
[aurashop.framer.website/sort-by/Advisable.html]
[aurashop.framer.website/contact.html]
[framerusercontent.com/images/zEveiEdh19MdhDXQ8gOEQ6CxIUE.png]
[aurashop.framer.website/blog/the-evolution-of-sustainable-fashion-trends-and-innovations.html]
[aurashop.framer.website/blog/fashion-icons-through-the-decades-timeless-style-lessons.html]
[framerusercontent.com/images/HQdIDYoYM21xeqcOGv5WrJI1uuI.png]
[framerusercontent.com/images/vpIHpMWu1rO72qvb46izfME.png]
[aurashop.framer.website/blog/how-to-build-a-capsule-wardrobe-essential-tips-for-every-fashionista.html]
[framerusercontent.com/images/saI5BVzJIAtMyx3SX4YHOY23b4.png]
[aurashop.framer.website/blog/accessorizing-101-elevate-your-outfits-with-the-perfect-accessories.html]
[aurashop.framer.website/blog/behind-the-scenes-the-making-of-a-fashion-campaign.html]
[framerusercontent.com/images/OhTngNiefdcam5xaMzvLNYoFLos.png]
[aurashop.framer.website/blog/top-10-trends-to-watch-out-for-in-fashion-week-2024.html]
[framerusercontent.com/images/G8wGunfEi2Ct80P62JTfPFJuQ.png]
[aurashop.framer.website/blog.html]
[aurashop.framer.website/faq.html]
[aurashop.framer.website/privacy-policy.html]
[aurashop.framer.website/terms-and-conditions.html]
[aurashop.framer.website/404.html]
[framerusercontent.com/images/H2lD1wbQgNQJOFWzv6bKAY6ng9806.json]
[framerusercontent.com/images/hKi14x2EJdOqlY7tV0rWl5pho11af.json]
[framerusercontent.com/images/7pPtmQnOe0HtA5CzJM3vyqOgv8a630.json]
[framerusercontent.com/images/tm2naYCJCl1CpS0YJJXGqbkflUf274.json]
[framerusercontent.com/images/JFVPvnkBFfpqh3p50qaSe4Or3YA2a5b.json]
[framerusercontent.com/images/N8n9AACRdqrIMFeKgglwGq3FdQ1131.json]
[framerusercontent.com/images/HcYRufuH0L1i8HETbqKloOU2Qo4391.json]
[framerusercontent.com/images/mxOD2EdPpQTvsdb7pn12OcLFBk0b59.json]
[framerusercontent.com/images/oMv0h3P8whNPGwtUG1VytyL25Nwdf0d.json]
[framerusercontent.com/images/B73PH8avLmaIeu8V9iY1xeoPTNobf48.json]
[framerusercontent.com/images/6isPgVJrEoLEhJsfo0Ij8ldZaZg7243.json]
[framerusercontent.com/images/JgKZzDalFFmq4lsQOcpaFTLXBs4bb3.json]
[framerusercontent.com/images/z55wVpasPB5T1MXnVmkY91CKA8633.json]
[framerusercontent.com/images/BhQQrZ1sE8Vmk7gijZBfNQ6JzKoadd2.json]
[framerusercontent.com/images/mikToIV1SoCqQhyveqwESJZJOg6cec.json]
[framerusercontent.com/images/BXSaHvzSYEqCOjcJMqmHwtW09923.json]
[framerusercontent.com/images/q0bvSJ9ax4gsNAlPlRgAa3V8jsc433.json]
[framerusercontent.com/images/r7ZkwPqq1P5lz7Ebw2lJbQiwLw8849.json]
[aurashop.framer.website/sort-by/Jeans.html]
[framerusercontent.com/images/YoaZGz4E6TwSo8H1QZOVG4Z253o90ee.png]
[framerusercontent.com/images/Jke0Yf64Rx2OnOa2YoJn336mo2890ee.png]
[aurashop.framer.website/shirt-green.html]
[framerusercontent.com/images/6Jj8fHx28ehybwQF4MFAbF6KsCI4e09.json]
[framerusercontent.com/images/FWCbjMa8yVUvFTLHVKdtbalOP9s90ee.png]
[framerusercontent.com/images/cuCul8HslyPSbPuK1O3kw7QS9s90ee.png]
[aurashop.framer.website/blue-jeans.html]
[framerusercontent.com/images/kjFiHiYiSTuSDC4WPjlWyCCelE90ee.png]
[framerusercontent.com/images/or2AzRQWsAgchZNvFx5h1pgca090ee.png]
[aurashop.framer.website/t-shirt-green-kids.html]
[framerusercontent.com/images/K3R9wmyrGIIaAmmGjAWOFPniEg90ee.png]
[framerusercontent.com/images/VVXsDZk5X79gjUjABt4SjDLE3LE90ee.png]
[aurashop.framer.website/t-shirt-green-women-copy.html]
[framerusercontent.com/images/F1hdppGrIV3ozkkqe8ESsLLApof6f7.json]
[framerusercontent.com/images/GcUCTjUJnKimPzvZoTPbm8GrSKI1c16.json]
[framerusercontent.com/images/FC9TJYsUuMSoM76EtSkgmqrtZBA90ee.png]
[framerusercontent.com/images/aalajeBo2rvMS5nPIOoRw23QYk90ee.png]
[aurashop.framer.website/sneakers-white.html]
[framerusercontent.com/images/5U6T1gUQSqCwwG2b2ZiOVibps8b23.json]
[framerusercontent.com/images/ORrbmyFPBcCps8rSXaH1TkMaU8ab2a.json]
[framerusercontent.com/images/qgpPQgQnDjjgubXeXfp6ydYKNXc3dfc.json]
[framerusercontent.com/images/Rdbv7ucYuoNjjQ1xSjK693hljI70dd.json]
[framerusercontent.com/images/WDzhQwm91ig6N5bNMu68T4xkgsd831.json]
[framerusercontent.com/images/nEM3xDBWPmF67AiwY7rUtJdl048903.json]
[framerusercontent.com/images/ha98kKjj6QJ8V1zSyhzHGLWY6dd6.json]
[framerusercontent.com/images/vRzcTWC8BDN8aQUZJs3T1JLccwd58f.json]
[framerusercontent.com/images/PFFj2Od0v0leAJUp9FA9kIWerQec84.json]
[framerusercontent.com/images/rUCQdyP9oIYAkSOjhVwxpp1A8Af3c7.json]
[framerusercontent.com/images/YKS7ud9t2EGNcOgAOmDq3wxBTigb23d.json]
[framerusercontent.com/images/XywzsvlcQC6nBmJxjXtgnGBWWms2122.json]
[framerusercontent.com/images/59BgYNUYwvVNCh52PIqtwm257VY7265.json]
[framerusercontent.com/images/OK0c1u4qGCiJglwB5gDJfjKTO4a6df.json]
[framerusercontent.com/images/7LfGL6IkPTq1ccnRzPWaW5NEkd4f2.json]
[framerusercontent.com/images/zHgrllAK1k9gGvhG0C6iahVD5Fs1063.json]
[framerusercontent.com/images/9Q3CUBKE76SDis8n2j8HkTRMWoQ87fa.json]
[framerusercontent.com/images/OxCcialgBLgQwPwxCJ1OSnj148cc82.json]
[framerusercontent.com/images/75ERHiY2bWMjiBVGQ3f7VO6SVk7335.json]
[framerusercontent.com/images/SqLzLMz1sozZl2PVvrK2ntuk7lU3969.json]
[framerusercontent.com/images/k6M8SoFMlrrUjvIarFvVxV2NJgcdaa.json]
[framerusercontent.com/images/Lwh5t4NbMVKlB9HuJd0RXmS3pg39a1.json]
[framerusercontent.com/images/lH2yFMNdSrF182tHm9LuTFnn5EEcd35.json]
[framerusercontent.com/images/rlSYjvhTDNtev4xmLrtAaLKzY096c.json]
[framerusercontent.com/images/TGf5W2gmJMwEuqOWpF1KiEFnpXQ9cff.json]
[framerusercontent.com/images/kS65Vn6umdOEOk0w3HUhxgEDVv49a21.json]
[framerusercontent.com/images/7z5WS3QsWgXOuvUBLTa1i7ZsBEf81e.json]
[aurashop.framer.website/blog/the-evolution-of-sustainable-fashion-trends-and-innovations.html]
[aurashop.framer.website/blog/fashion-icons-through-the-decades-timeless-style-lessons.html]
[aurashop.framer.website/blog/how-to-build-a-capsule-wardrobe-essential-tips-for-every-fashionista.html]
[aurashop.framer.website/blog/accessorizing-101-elevate-your-outfits-with-the-perfect-accessories.html]
[aurashop.framer.website/blog/behind-the-scenes-the-making-of-a-fashion-campaign.html]
[aurashop.framer.website/blog/top-10-trends-to-watch-out-for-in-fashion-week-2024.html]
[framerusercontent.com/images/YoaZGz4E6TwSo8H1QZOVG4Z253o4199.json]
[framerusercontent.com/images/Jke0Yf64Rx2OnOa2YoJn336mo283102.json]
[framerusercontent.com/images/FWCbjMa8yVUvFTLHVKdtbalOP9s40ff.json]
[framerusercontent.com/images/cuCul8HslyPSbPuK1O3kw7QS9sb71c.json]
[framerusercontent.com/images/kjFiHiYiSTuSDC4WPjlWyCCelE3e59.json]
[framerusercontent.com/images/or2AzRQWsAgchZNvFx5h1pgca0d3c8.json]
[framerusercontent.com/images/K3R9wmyrGIIaAmmGjAWOFPniEg7afa.json]
[framerusercontent.com/images/VVXsDZk5X79gjUjABt4SjDLE3LE9fb8.json]
[framerusercontent.com/images/FC9TJYsUuMSoM76EtSkgmqrtZBA7ac3.json]
[framerusercontent.com/images/aalajeBo2rvMS5nPIOoRw23QYk652e.json]
[framerusercontent.com/images/Rdbv7ucYuoNjjQ1xSjK693hljI90ee.png]
